com.foundationdb.sql.parser.CreateTableNode@42eca56e
name: t1
statementType: CREATE TABLE
withData: false
lockGranularity: R
existenceCheck: NO_CONDITION
tableElementList: 	
	com.foundationdb.sql.parser.TableElementList@52f759d7

	[0]:	
	com.foundationdb.sql.parser.ColumnDefinitionNode@7cbd213e
	type: INTEGER NOT NULL
	name: col1
	elementType: null
	[1]:	
	com.foundationdb.sql.parser.ColumnDefinitionNode@192d3247
	type: INTEGER
	name: col2
	elementType: null
	[2]:	
	com.foundationdb.sql.parser.ColumnDefinitionNode@3ecd23d9
	type: SMALLINT NOT NULL
	name: col3
	elementType: null
	[3]:	
	com.foundationdb.sql.parser.ColumnDefinitionNode@569cfc36
	type: SMALLINT
	name: col4
	elementType: null
	[4]:	
	com.foundationdb.sql.parser.ColumnDefinitionNode@43bd930a
	type: BIGINT NOT NULL
	name: col5
	elementType: null
	[5]:	
	com.foundationdb.sql.parser.ColumnDefinitionNode@33723e30
	type: BIGINT
	name: col6
	elementType: null
	[6]:	
	com.foundationdb.sql.parser.ColumnDefinitionNode@64f6106c
	type: CHAR(1) NOT NULL
	name: col10
	elementType: null
	[7]:	
	com.foundationdb.sql.parser.ColumnDefinitionNode@553a3d88
	type: CHAR(1)
	name: col11
	elementType: null
	[8]:	
	com.foundationdb.sql.parser.ColumnDefinitionNode@7a30d1e6
	type: VARCHAR(1) NOT NULL
	name: col12
	elementType: null
	[9]:	
	com.foundationdb.sql.parser.ColumnDefinitionNode@5891e32e
	type: VARCHAR(1)
	name: col13
	elementType: null
	[10]:	
	com.foundationdb.sql.parser.ColumnDefinitionNode@cb0ed20
	type: LONG VARCHAR NOT NULL
	name: col14
	elementType: null
	[11]:	
	com.foundationdb.sql.parser.ColumnDefinitionNode@8e24743
	type: LONG VARCHAR
	name: col15
	elementType: null
	[12]:	
	com.foundationdb.sql.parser.ColumnDefinitionNode@74a10858
	type: DOUBLE NOT NULL
	name: col20
	elementType: null
	[13]:	
	com.foundationdb.sql.parser.ColumnDefinitionNode@23fe1d71
	type: DOUBLE
	name: col21
	elementType: null
	[14]:	
	com.foundationdb.sql.parser.ColumnDefinitionNode@28ac3dc3
	type: REAL NOT NULL
	name: col22
	elementType: null
	[15]:	
	com.foundationdb.sql.parser.ColumnDefinitionNode@32eebfca
	type: REAL
	name: col23
	elementType: null
	[16]:	
	com.foundationdb.sql.parser.ColumnDefinitionNode@4e718207
	type: DOUBLE NOT NULL
	name: col24
	elementType: null
	[17]:	
	com.foundationdb.sql.parser.ColumnDefinitionNode@1d371b2d
	type: DOUBLE
	name: col25
	elementType: null
	[18]:	
	com.foundationdb.sql.parser.ColumnDefinitionNode@543c6f6d
	type: DATE NOT NULL
	name: col30
	elementType: null
	[19]:	
	com.foundationdb.sql.parser.ColumnDefinitionNode@13eb8acf
	type: DATE
	name: col31
	elementType: null
	[20]:	
	com.foundationdb.sql.parser.ColumnDefinitionNode@51c8530f
	type: TIME NOT NULL
	name: col32
	elementType: null
	[21]:	
	com.foundationdb.sql.parser.ColumnDefinitionNode@7403c468
	type: TIME
	name: col33
	elementType: null
	[22]:	
	com.foundationdb.sql.parser.ColumnDefinitionNode@43738a82
	type: TIMESTAMP NOT NULL
	name: col34
	elementType: null
	[23]:	
	com.foundationdb.sql.parser.ColumnDefinitionNode@c81cdd1
	type: TIMESTAMP
	name: col35
	elementType: null
	[24]:	
	com.foundationdb.sql.parser.ColumnDefinitionNode@1fc2b765
	type: DATETIME
	name: col36
	elementType: null
	[25]:	
	com.foundationdb.sql.parser.ColumnDefinitionNode@75881071
	type: DATETIME NOT NULL
	name: col37
	elementType: null
	[26]:	
	com.foundationdb.sql.parser.ColumnDefinitionNode@2a70a3d8
	type: YEAR
	name: col38
	elementType: null
	[27]:	
	com.foundationdb.sql.parser.ColumnDefinitionNode@289d1c02
	type: YEAR NOT NULL
	name: col39
	elementType: null
	[28]:	
	com.foundationdb.sql.parser.ColumnDefinitionNode@22eeefeb
	type: CLOB NOT NULL
	name: col40
	elementType: null
	[29]:	
	com.foundationdb.sql.parser.ColumnDefinitionNode@17d0685f
	type: CLOB
	name: col41
	elementType: null
	[30]:	
	com.foundationdb.sql.parser.ColumnDefinitionNode@3891771e
	type: BLOB NOT NULL
	name: col42
	elementType: null
	[31]:	
	com.foundationdb.sql.parser.ColumnDefinitionNode@78ac1102
	type: BLOB
	name: col43
	elementType: null
	[32]:	
	com.foundationdb.sql.parser.ColumnDefinitionNode@2de8284b
	type: DECIMAL(5,0) NOT NULL
	name: col50
	elementType: null
	[33]:	
	com.foundationdb.sql.parser.ColumnDefinitionNode@396e2f39
	type: DECIMAL(5,0)
	name: col51
	elementType: null
	[34]:	
	com.foundationdb.sql.parser.ColumnDefinitionNode@a74868d
	type: DECIMAL(1,0) NOT NULL
	name: col52
	elementType: null
	[35]:	
	com.foundationdb.sql.parser.ColumnDefinitionNode@12c8a2c0
	type: DECIMAL(1,0)
	name: col53
	elementType: null
	[36]:	
	com.foundationdb.sql.parser.ColumnDefinitionNode@7e0e6aa2
	type: DECIMAL(10,0) NOT NULL
	name: col54
	elementType: null
	[37]:	
	com.foundationdb.sql.parser.ColumnDefinitionNode@365185bd
	type: DECIMAL(10,0)
	name: col55
	elementType: null
	[38]:	
	com.foundationdb.sql.parser.ColumnDefinitionNode@18bf3d14
	type: DECIMAL(1,1) NOT NULL
	name: col56
	elementType: null
	[39]:	
	com.foundationdb.sql.parser.ColumnDefinitionNode@4fb64261
	type: DECIMAL(1,1)
	name: col57
	elementType: null
	[40]:	
	com.foundationdb.sql.parser.ColumnDefinitionNode@42607a4f
	type: DECIMAL(10,1) NOT NULL
	name: col58
	elementType: null
	[41]:	
	com.foundationdb.sql.parser.ColumnDefinitionNode@782663d3
	type: DECIMAL(10,1)
	name: col59
	elementType: null
	[42]:	
	com.foundationdb.sql.parser.ColumnDefinitionNode@1990a65e
	type: DECIMAL(10,10) NOT NULL
	name: col60
	elementType: null
	[43]:	
	com.foundationdb.sql.parser.ColumnDefinitionNode@64485a47
	type: DECIMAL(10,10)
	name: col61
	elementType: null
	[44]:	
	com.foundationdb.sql.parser.ColumnDefinitionNode@25bbf683
	type: DECIMAL(30,10) NOT NULL
	name: col62
	elementType: null
	[45]:	
	com.foundationdb.sql.parser.ColumnDefinitionNode@6ec8211c
	type: DECIMAL(30,10)
	name: col63
	elementType: null
	[46]:	
	com.foundationdb.sql.parser.ColumnDefinitionNode@7276c8cd
	type: NUMERIC NOT NULL
	name: col70
	elementType: null
	[47]:	
	com.foundationdb.sql.parser.ColumnDefinitionNode@544a2ea6
	type: NUMERIC
	name: col71
	elementType: null
